Git Configuration, Clone and Basic Git Workflow


Natalie.Jordaan@03rnbl-f3cb8h2 MINGW64 ~
$ pwd
/c/Users/natalie.jordaan

Natalie.Jordaan@03rnbl-f3cb8h2 MINGW64 ~
$ cd projects/

Natalie.Jordaan@03rnbl-f3cb8h2 MINGW64 ~/projects
$ git clone https://github.com/natzjordaan/github-demo.git
Cloning into 'github-demo'...
remote: Enumerating objects: 3, done.
remote: Counting objects: 100% (3/3), done.
remote: Compressing objects: 100% (2/2), done.
remote: Total 3 (delta 0), reused 0 (delta 0), pack-reused 0
Unpacking objects: 100% (3/3), done.

Natalie.Jordaan@03rnbl-f3cb8h2 MINGW64 ~/projects
$ cd github-demo/

Natalie.Jordaan@03rnbl-f3cb8h2 MINGW64 ~/projects/github-demo (master)
$ ls
README.md

Natalie.Jordaan@03rnbl-f3cb8h2 MINGW64 ~/projects/github-demo (master)
$ ^C

Natalie.Jordaan@03rnbl-f3cb8h2 MINGW64 ~/projects/github-demo (master)
$ git status
On branch master
Your branch is up to date with 'origin/master'.

nothing to commit, working tree clean

Natalie.Jordaan@03rnbl-f3cb8h2 MINGW64 ~/projects/github-demo (master)
$ echo "Test Git Quick Start Demo" >> start.txt

Natalie.Jordaan@03rnbl-f3cb8h2 MINGW64 ~/projects/github-demo (master)
$ lst
bash: lst: command not found

Natalie.Jordaan@03rnbl-f3cb8h2 MINGW64 ~/projects/github-demo (master)
$ ls
README.md  start.txt

Natalie.Jordaan@03rnbl-f3cb8h2 MINGW64 ~/projects/github-demo (master)
$ cat start.txt
Test Git Quick Start Demo

Natalie.Jordaan@03rnbl-f3cb8h2 MINGW64 ~/projects/github-demo (master)
$ git status
On branch master
Your branch is up to date with 'origin/master'.

Untracked files:
  (use "git add <file>..." to include in what will be committed)

        start.txt

nothing added to commit but untracked files present (use "git add" to track)

Natalie.Jordaan@03rnbl-f3cb8h2 MINGW64 ~/projects/github-demo (master)
$




Natalie.Jordaan@03rnbl-f3cb8h2 MINGW64 ~/projects/github-demo (master)
$ git push origin master
fatal: HttpRequestException encountered.
   An error occurred while sending the request.
Username for 'https://github.com': natzjordaan
Enumerating objects: 4, done.
Counting objects: 100% (4/4), done.
Delta compression using up to 8 threads
Compressing objects: 100% (3/3), done.
Writing objects: 100% (3/3), 310 bytes | 77.00 KiB/s, done.
Total 3 (delta 0), reused 0 (delta 0)
To https://github.com/natzjordaan/github-demo.git
   cfeb0bc..cc7575a  master -> master

Natalie.Jordaan@03rnbl-f3cb8h2 MINGW64 ~/projects/github-demo (master)
$



